// Jest Snapshot v1, https://goo.gl/fbAQLP

exports[`should render ExpenseListItem with expense 1`] = `
<div>
  <Link
    to="edit/1"
  >
    <h3>
      Gum
    </h3>
  </Link>
  <p>
    $195.00
    -
    January 1st, 01970
  </p>
</div>
`;
